inspect_orders_final_v2.mjs(29,93): error TS8016: Type assertion expressions can only be used in TypeScript files.
